// Jest Snapshot v1, https://goo.gl/fbAQLP

exports[`<DateRange/> matches the snapshot with default props 1`] = `
<div
  className="uaa-date-range"
>
  <InputField
    dataTest="dhis2-uicore-inputfield"
    error={false}
    label="Start Date"
    onChange={[Function]}
    type="date"
    validationText={null}
    value="2018-09-30"
  />
  <InputField
    dataTest="dhis2-uicore-inputfield"
    error={false}
    label="End Date"
    onChange={[Function]}
    type="date"
    validationText={null}
    value="2018-12-30"
  />
</div>
`;
