// Jest Snapshot v1, https://goo.gl/fbAQLP

exports[`<DateRange/> matches the snapshot with default props 1`] = `
<div
  className="uaa-date-range"
>
  <InputField
    className="startDate"
    dataTest="uaa-startdate"
    error={false}
    label="Start Date"
    name="startDate"
    onChange={[Function]}
    type="date"
    validationText={null}
    value="2018-09-30"
  />
  <InputField
    className="endDate"
    dataTest="uaa-enddate"
    error={false}
    label="End Date"
    name="endDate"
    onChange={[Function]}
    type="date"
    validationText={null}
    value="2018-12-30"
  />
</div>
`;
