// Jest Snapshot v1, https://goo.gl/fbAQLP

exports[`<DateRange/> matches the snapshot with default props 1`] = `
<DateRange
  endDate="2018-12-30"
  startDate="2018-09-30"
  updateFilter={[MockFunction]}
  updateUsageData={[MockFunction]}
>
  <div
    className="uaa-date-range"
  >
    <InputField
      className="startDate"
      dataTest="uaa-startdate"
      error={false}
      label="Start Date"
      name="startDate"
      onChange={[Function]}
      type="date"
      validationText={null}
      value="2018-09-30"
    >
      <Field
        className="startDate"
        dataTest="uaa-startdate"
        error={false}
        label="Start Date"
        name="startDate"
        validationText={null}
      >
        <Box
          className="startDate"
          dataTest="uaa-startdate"
        >
          <div
            className="jsx-1141087211 startDate"
            data-test="uaa-startdate"
          >
            <Label
              dataTest="uaa-startdate-label"
              htmlFor="startDate"
            >
              <label
                className="jsx-2718078600 "
                data-test="uaa-startdate-label"
                htmlFor="startDate"
              >
                <span
                  className="jsx-2718078600"
                >
                  Start Date
                </span>
                <JSXStyle
                  id="2718078600"
                />
              </label>
            </Label>
            <Box
              dataTest="uaa-startdate-content"
              marginTop="4px"
            >
              <div
                className="jsx-3111771310 "
                data-test="uaa-startdate-content"
              >
                <Box
                  dataTest="dhis2-uicore-box"
                  minWidth="72px"
                >
                  <div
                    className="jsx-1220078726 "
                    data-test="dhis2-uicore-box"
                  >
                    <Input
                      dataTest="dhis2-uicore-input"
                      error={false}
                      name="startDate"
                      onChange={[Function]}
                      type="date"
                      value="2018-09-30"
                    >
                      <div
                        className="jsx-3353877153 jsx-1090541828 input"
                        data-test="dhis2-uicore-input"
                      >
                        <input
                          className="jsx-3353877153 jsx-1090541828 "
                          id="startDate"
                          name="startDate"
                          onBlur={[Function]}
                          onChange={[Function]}
                          onFocus={[Function]}
                          type="date"
                          value="2018-09-30"
                        />
                        <div
                          className="jsx-3353877153 jsx-1090541828 status-icon"
                        >
                          <StatusIcon
                            defaultTo={null}
                            error={false}
                          />
                        </div>
                        <JSXStyle
                          id="1090541828"
                        />
                        <JSXStyle
                          id="3353877153"
                        />
                      </div>
                    </Input>
                    <JSXStyle
                      dynamic={
                        Array [
                          "",
                          "",
                          "",
                          "",
                          "",
                          "min-width: 72px;",
                          "",
                          "",
                        ]
                      }
                      id="3369228338"
                    />
                  </div>
                </Box>
                <JSXStyle
                  dynamic={
                    Array [
                      "margin-top: 4px;",
                      "",
                      "",
                      "",
                      "",
                      "",
                      "",
                      "",
                    ]
                  }
                  id="3369228338"
                />
              </div>
            </Box>
            <JSXStyle
              dynamic={
                Array [
                  "",
                  "",
                  "",
                  "",
                  "",
                  "",
                  "",
                  "",
                ]
              }
              id="3369228338"
            />
          </div>
        </Box>
      </Field>
    </InputField>
    <InputField
      className="endDate"
      dataTest="uaa-enddate"
      error={false}
      label="End Date"
      name="endDate"
      onChange={[Function]}
      type="date"
      validationText={null}
      value="2018-12-30"
    >
      <Field
        className="endDate"
        dataTest="uaa-enddate"
        error={false}
        label="End Date"
        name="endDate"
        validationText={null}
      >
        <Box
          className="endDate"
          dataTest="uaa-enddate"
        >
          <div
            className="jsx-1141087211 endDate"
            data-test="uaa-enddate"
          >
            <Label
              dataTest="uaa-enddate-label"
              htmlFor="endDate"
            >
              <label
                className="jsx-2718078600 "
                data-test="uaa-enddate-label"
                htmlFor="endDate"
              >
                <span
                  className="jsx-2718078600"
                >
                  End Date
                </span>
                <JSXStyle
                  id="2718078600"
                />
              </label>
            </Label>
            <Box
              dataTest="uaa-enddate-content"
              marginTop="4px"
            >
              <div
                className="jsx-3111771310 "
                data-test="uaa-enddate-content"
              >
                <Box
                  dataTest="dhis2-uicore-box"
                  minWidth="72px"
                >
                  <div
                    className="jsx-1220078726 "
                    data-test="dhis2-uicore-box"
                  >
                    <Input
                      dataTest="dhis2-uicore-input"
                      error={false}
                      name="endDate"
                      onChange={[Function]}
                      type="date"
                      value="2018-12-30"
                    >
                      <div
                        className="jsx-3353877153 jsx-1090541828 input"
                        data-test="dhis2-uicore-input"
                      >
                        <input
                          className="jsx-3353877153 jsx-1090541828 "
                          id="endDate"
                          name="endDate"
                          onBlur={[Function]}
                          onChange={[Function]}
                          onFocus={[Function]}
                          type="date"
                          value="2018-12-30"
                        />
                        <div
                          className="jsx-3353877153 jsx-1090541828 status-icon"
                        >
                          <StatusIcon
                            defaultTo={null}
                            error={false}
                          />
                        </div>
                        <JSXStyle
                          id="1090541828"
                        />
                        <JSXStyle
                          id="3353877153"
                        />
                      </div>
                    </Input>
                    <JSXStyle
                      dynamic={
                        Array [
                          "",
                          "",
                          "",
                          "",
                          "",
                          "min-width: 72px;",
                          "",
                          "",
                        ]
                      }
                      id="3369228338"
                    />
                  </div>
                </Box>
                <JSXStyle
                  dynamic={
                    Array [
                      "margin-top: 4px;",
                      "",
                      "",
                      "",
                      "",
                      "",
                      "",
                      "",
                    ]
                  }
                  id="3369228338"
                />
              </div>
            </Box>
            <JSXStyle
              dynamic={
                Array [
                  "",
                  "",
                  "",
                  "",
                  "",
                  "",
                  "",
                  "",
                ]
              }
              id="3369228338"
            />
          </div>
        </Box>
      </Field>
    </InputField>
  </div>
</DateRange>
`;
