// Jest Snapshot v1, https://goo.gl/fbAQLP

exports[`<App/> renders the expected tree 1`] = `
<Provider
  store={
    Object {
      "dispatch": [Function],
      "getState": [Function],
      "replaceReducer": [Function],
      "subscribe": [Function],
      Symbol(observable): [Function],
    }
  }
>
  <HeaderBarContainer
    appName="Usage Analytics"
  />
  <ConnectedUsageAnalytics />
</Provider>
`;
