// Jest Snapshot v1, https://goo.gl/fbAQLP

exports[`<UsageAnalytics/> Matches the snapshot 1`] = `
<main>
  <ConnectFunction>
    <FilterSideBar>
      <aside />
    </FilterSideBar>
  </ConnectFunction>
  <section>
    <ConnectFunction>
      <Chart />
    </ConnectFunction>
    <ConnectFunction>
      <Table />
    </ConnectFunction>
  </section>
</main>
`;
